Unity Editor version:    6000.2.7f2 (2b518236b676)
Branch:                  6000.2/respin/6000.2.7f1-2eb0c79396db
Build type:              Release
Batch mode:              YES
macOS version:           Version 26.4.1 (Build 25E253)
Darwin version:          25.4.0
Architecture:            arm64
Running under Rosetta:   NO
Available memory:        8192 MB
Date:                    2026-08-03T04:49:27Z
[Licensing::Module] Trying to connect to existing licensing client channel...
[Licensing::IpcConnector] Successfully connected to: "LicenseClient-FPFly2n6GE09xa_S0QnAU" at "2026-08-03T04:49:27.644541Z"

COMMAND LINE ARGUMENTS:
/Applications/Unity/Hub/Editor/6000.2.7f2/Unity.app/Contents/MacOS/Unity
-adb2
-batchMode
-noUpm
-name
AssetImportWorker0
-projectPath
/Users/cuong/Downloads/vscode/dog-game
-logFile
Logs/AssetImportWorker0.log
-srvPort
59607
-licensingIpc
LicenseClient-FPFly2n6GE09xa_S0QnAU
-job-worker-count
3
-background-job-worker-count
8
-gc-helper-count
1
-name AssetImport
Successfully changed project path to: /Users/cuong/Downloads/vscode/dog-game
/Users/cuong/Downloads/vscode/dog-game
[UnityMemory] Configuration Parameters - Can be set up in boot.config
    "memorysetup-allocator-temp-initial-block-size-main=262144"
    "memorysetup-allocator-temp-initial-block-size-worker=262144"
    "memorysetup-bucket-allocator-granularity=16"
    "memorysetup-bucket-allocator-bucket-count=8"
    "memorysetup-bucket-allocator-block-size=33554432"
    "memorysetup-bucket-allocator-block-count=8"
    "memorysetup-main-allocator-block-size=16777216"
    "memorysetup-thread-allocator-block-size=16777216"
    "memorysetup-gfx-main-allocator-block-size=16777216"
    "memorysetup-gfx-thread-allocator-block-size=16777216"
    "memorysetup-cache-allocator-block-size=4194304"
    "memorysetup-typetree-allocator-block-size=2097152"
    "memorysetup-profiler-bucket-allocator-granularity=16"
    "memorysetup-profiler-bucket-allocator-bucket-count=8"
    "memorysetup-profiler-bucket-allocator-block-size=33554432"
    "memorysetup-profiler-bucket-allocator-block-count=8"
    "memorysetup-profiler-allocator-block-size=16777216"
    "memorysetup-profiler-editor-allocator-block-size=1048576"
    "memorysetup-temp-allocator-size-main=16777216"
    "memorysetup-job-temp-allocator-block-size=2097152"
    "memorysetup-job-temp-allocator-block-size-background=1048576"
    "memorysetup-job-temp-allocator-reduction-small-platforms=262144"
    "memorysetup-temp-allocator-size-background-worker=32768"
    "memorysetup-temp-allocator-size-job-worker=262144"
    "memorysetup-temp-allocator-size-preload-manager=33554432"
    "memorysetup-temp-allocator-size-nav-mesh-worker=65536"
    "memorysetup-temp-allocator-size-audio-worker=65536"
    "memorysetup-temp-allocator-size-cloud-worker=32768"
    "memorysetup-temp-allocator-size-gi-baking-worker=262144"
    "memorysetup-temp-allocator-size-gi-baking-worker=262144"
    "memorysetup-temp-allocator-size-gi-baking-worker=262144"
    "memorysetup-temp-allocator-size-gi-baking-worker=262144"
    "memorysetup-temp-allocator-size-gi-baking-worker=262144"
    "memorysetup-temp-allocator-size-gfx=262144"
Player connection [8391874752]  Target information:

Player connection [8391874752]  * "[IP] 192.168.1.6 [Port] 0 [Flags] 2 [Guid] 3941132376 [EditorId] 3941132376 [Version] 1048832 [Id] OSXEditor(0,Living-in-2077.local) [Debug] 1 [PackageName] OSXEditor [ProjectName] Editor" 

Player connection [8391874752] Host joined multi-casting on [225.0.0.222:54997]...
Player connection [8391874752] Host joined alternative multi-casting on [225.0.0.222:34997]...
JobSystem: Creating JobQueue using job-worker-count value 3
Input System module state changed to: Initialized.
[Physics::Module] Initialized fallback backend.
[Physics::Module] Id: 0xdecafbad
Library Redirect Path: Library/
[Physics::Module] Selected backend.
[Physics::Module] Name: PhysX
[Physics::Module] Id: 0xf2b8ea05
[Physics::Module] SDK Version: 4.1.2
[Physics::Module] Integration Version: 1.0.0
[Physics::Module] Threading Mode: Multi-Threaded
Refreshing native plugins compatible for Editor in 11.91 ms, found 2 plugins.
Preloading 0 native plugins for Editor in 0.00 ms.
Initialize engine version: 6000.2.7f2 (2b518236b676)
[Subsystems] Discovering subsystems at path /Applications/Unity/Hub/Editor/6000.2.7f2/Unity.app/Contents/Resources/UnitySubsystems
[Subsystems] Discovering subsystems at path /Users/cuong/Downloads/vscode/dog-game/Assets
GfxDevice: creating device client; kGfxThreadingModeNonThreaded
 preferred device: Apple M1 (high power)
Metal devices available: 1
0: Apple M1 (high power)
Using device Apple M1 (high power)
Initializing Metal device caps: Apple M1
Mac GPU Family: 2
Apple GPU Family: 7
MSL Version: 3.0
Has Float MSAA: 1
Has Float Filtering: 1
ReadWrite Texture Tier: 2
[Licensing::Client] Code 10 while verifying Licensing Client signature (process Id: 90277, path: "/Applications/Unity Hub.app/Contents/Frameworks/UnityLicensingClient_V1.app/Contents/MacOS/Unity.Licensing.Client")
[Licensing::Module] LicensingClient has failed validation; ignoring
[Licensing::Client] Handshaking with LicensingClient:
  Version:                 1.17.4+4293ba1
  Session Id:              fec0ac3d7bc3486584bcfd4dce3a9230
  Correlation Id:          8800a7e29e78df772c05518e511384db
  External correlation Id: 7006048036645086740
  Machine Id:              auvhoQpE5HWwgkEVdanVdR1i5Co=
[Licensing::Module] Successfully connected to LicensingClient on channel: "LicenseClient-FPFly2n6GE09xa_S0QnAU" (connect: 0.00s, validation: 0.01s, handshake: 0.81s)
[Licensing::IpcConnector] Successfully connected to: "LicenseClient-FPFly2n6GE09xa_S0QnAU-notifications" at "2026-08-03T04:49:28.461617Z"
[Licensing::Module] Licensing Background thread has ended after 0.82s
Initialize mono
Mono path[0] = '/Applications/Unity/Hub/Editor/6000.2.7f2/Unity.app/Contents/Managed'
Mono path[1] = '/Applications/Unity/Hub/Editor/6000.2.7f2/Unity.app/Contents/MonoBleedingEdge/lib/mono/unityjit-macos'
Mono config path = '/Applications/Unity/Hub/Editor/6000.2.7f2/Unity.app/Contents/MonoBleedingEdge/etc'
Using monoOptions --debugger-agent=transport=dt_socket,embedding=1,server=y,suspend=n,address=127.0.0.1:56573
Begin MonoManager ReloadAssembly
Registering precompiled unity dll's ...
Register platform support module: /Applications/Unity/Hub/Editor/6000.2.7f2/Unity.app/Contents/PlaybackEngines/MacStandaloneSupport/UnityEditor.OSXStandalone.Extensions.dll
Registered in 0.001005 seconds.
- Loaded All Assemblies, in  0.351 seconds
Native extension for OSXStandalone target not found
Mono: successfully reloaded assembly
- Finished resetting the current domain, in  0.269 seconds
Domain Reload Profiling: 619ms
	BeginReloadAssembly (117ms)
		ExecutionOrderSort (0ms)
		DisableScriptedObjects (0ms)
		BackupInstance (0ms)
		ReleaseScriptingObjects (0ms)
		CreateAndSetChildDomain (1ms)
	RebuildCommonClasses (34ms)
	RebuildNativeTypeToScriptingClass (12ms)
	initialDomainReloadingComplete (37ms)
	LoadAllAssembliesAndSetupDomain (149ms)
		LoadAssemblies (115ms)
		RebuildTransferFunctionScriptingTraits (0ms)
		AnalyzeDomain (146ms)
			TypeCache.Refresh (145ms)
				TypeCache.ScanAssembly (131ms)
			BuildScriptInfoCaches (0ms)
			ResolveRequiredComponents (1ms)
	FinalizeReload (269ms)
		ReleaseScriptCaches (0ms)
		RebuildScriptCaches (0ms)
		SetupLoadedEditorAssemblies (215ms)
			LogAssemblyErrors (0ms)
			InitializePlatformSupportModulesInManaged (34ms)
			SetLoadedEditorAssemblies (4ms)
			BeforeProcessingInitializeOnLoad (49ms)
			ProcessInitializeOnLoadAttributes (85ms)
			ProcessInitializeOnLoadMethodAttributes (43ms)
			AfterProcessingInitializeOnLoad (0ms)
			EditorAssembliesLoaded (0ms)
		ExecutionOrderSort2 (0ms)
		AwakeInstancesAfterBackupRestoration (0ms)
Assembly reference Packages/com.unity.cinemachine/Editor/Samples/ExposeHDRPInternals/HDRP-Editor-ref.asmref has no target assembly definition
========================================================================
Worker process is ready to serve import requests
Import Worker Mode flag is 0x00
Assembly reference Packages/com.unity.cinemachine/Editor/Samples/ExposeHDRPInternals/HDRP-Editor-ref.asmref has no target assembly definition
Assembly reference Packages/com.unity.cinemachine/Editor/Samples/ExposeHDRPInternals/HDRP-Editor-ref.asmref has no target assembly definition
Begin MonoManager ReloadAssembly
[Licensing::Client] Successfully resolved entitlement details
[Licensing::Module] License group:
  Id: 18967588135516-UnityPersXXXX
  Product: Unity Personal
  Type: Assigned
  Expiration: Unlimited
Symbol file LoadedFromMemory is not a mono symbol file
- Loaded All Assemblies, in  0.886 seconds
Assembly reference Packages/com.unity.cinemachine/Editor/Samples/ExposeHDRPInternals/HDRP-Editor-ref.asmref has no target assembly definition
'Packages/com.unity.cinemachine/Editor/Obsolete/CinemachineVirtualCameraBaseEditor.cs' contains partial class of Unity.Object, exactly 1 of the partial classes needs to be in a file with the same filename. This is to know the one that can be referenced from ie. GameObjects
'Packages/com.unity.cinemachine/Editor/Editors/CinemachineVirtualCameraBaseEditor.cs' contains partial class of Unity.Object, exactly 1 of the partial classes needs to be in a file with the same filename. This is to know the one that can be referenced from ie. GameObjects
Refreshing native plugins compatible for Editor in 3.36 ms, found 2 plugins.
Native extension for OSXStandalone target not found
Assembly reference Packages/com.unity.cinemachine/Editor/Samples/ExposeHDRPInternals/HDRP-Editor-ref.asmref has no target assembly definition
Package Manager log level set to [2]
[Package Manager] Failed to launch server process. Reason: Unity was launched with the -noUpm command-line argument
[Package Manager] Unable to send message (not connected to server process).
[Package Manager] Cannot connect to Unity Package Manager local server
[Package Manager] Failed to launch server process. Reason: Unity was launched with the -noUpm command-line argument
[Package Manager] Unable to send message (not connected to server process).
[Package Manager] Cannot connect to Unity Package Manager local server
[Package Manager] Failed to launch server process. Reason: Unity was launched with the -noUpm command-line argument
[Package Manager] Unable to send message (not connected to server process).
[Package Manager] Cannot connect to Unity Package Manager local server
Refreshing native plugins compatible for Editor in 0.94 ms, found 2 plugins.
Mono: successfully reloaded assembly
- Finished resetting the current domain, in  0.821 seconds
Domain Reload Profiling: 1707ms
	BeginReloadAssembly (121ms)
		ExecutionOrderSort (0ms)
		DisableScriptedObjects (4ms)
		BackupInstance (0ms)
		ReleaseScriptingObjects (0ms)
		CreateAndSetChildDomain (18ms)
	RebuildCommonClasses (31ms)
	RebuildNativeTypeToScriptingClass (10ms)
	initialDomainReloadingComplete (45ms)
	LoadAllAssembliesAndSetupDomain (678ms)
		LoadAssemblies (422ms)
		RebuildTransferFunctionScriptingTraits (0ms)
		AnalyzeDomain (317ms)
			TypeCache.Refresh (247ms)
				TypeCache.ScanAssembly (217ms)
			BuildScriptInfoCaches (58ms)
			ResolveRequiredComponents (10ms)
	FinalizeReload (821ms)
		ReleaseScriptCaches (0ms)
		RebuildScriptCaches (0ms)
		SetupLoadedEditorAssemblies (668ms)
			LogAssemblyErrors (0ms)
			InitializePlatformSupportModulesInManaged (2ms)
			SetLoadedEditorAssemblies (4ms)
			BeforeProcessingInitializeOnLoad (124ms)
			ProcessInitializeOnLoadAttributes (298ms)
			ProcessInitializeOnLoadMethodAttributes (239ms)
			AfterProcessingInitializeOnLoad (1ms)
			EditorAssembliesLoaded (0ms)
		ExecutionOrderSort2 (0ms)
		AwakeInstancesAfterBackupRestoration (2ms)
WARNING: Shader Unsupported: 'Universal Render Pipeline/VR/SpatialMapping/Wireframe' - All subshaders removed
WARNING: Shader Did you use #pragma only_renderers and omit this platform?
WARNING: Shader If subshaders removal was intentional, you may have forgotten turning Fallback off?
WARNING: Shader Unsupported: 'Universal Render Pipeline/VR/SpatialMapping/Wireframe' - All subshaders removed
WARNING: Shader Did you use #pragma only_renderers and omit this platform?
WARNING: Shader If subshaders removal was intentional, you may have forgotten turning Fallback off?
Launching external process: /Applications/Unity/Hub/Editor/6000.2.7f2/Unity.app/Contents/Tools/UnityShaderCompiler
Launched and connected shader compiler UnityShaderCompiler after 0.24 seconds
Refreshing native plugins compatible for Editor in 3.38 ms, found 2 plugins.
Preloading 0 native plugins for Editor in 0.00 ms.
Unloading 28 Unused Serialized files (Serialized files now loaded: 0)
Unloading 9453 unused Assets / (8.1 MB). Loaded Objects now: 10206.
Memory consumption went from 188.7 MB to 180.6 MB.
Total: 59.810833 ms (FindLiveObjects: 17.126708 ms CreateObjectMapping: 1.498917 ms MarkObjects: 34.846958 ms  DeleteObjects: 6.336792 ms)

========================================================================
Received Import Request.
  Time since last request: 414836.803470 seconds.
  path: Assets/Prefab/Person.prefab
  artifactKey: Guid(13d8532fbf88a4b9f87cd12b04c50e6c) Importer(815301076,1909f56bfc062723c751e8b465ee728b)
Start importing Assets/Prefab/Person.prefab using Guid(13d8532fbf88a4b9f87cd12b04c50e6c) Importer(815301076,1909f56bfc062723c751e8b465ee728b) (PreviewImporter) -> (artifact id: '51a33b441676f96b883906e3fb1ffcd7') in 0.798058292 seconds
Number of updated asset objects reloaded before import = 0Number of asset objects unloaded after import = 411

========================================================================
Received Import Request.
  Time since last request: 0.000139 seconds.
  path: Assets/Prefab/Dogplayer.prefab
  artifactKey: Guid(6f34ab5a16e964df18807c82bcc8b616) Importer(815301076,1909f56bfc062723c751e8b465ee728b)
Start importing Assets/Prefab/Dogplayer.prefab using Guid(6f34ab5a16e964df18807c82bcc8b616) Importer(815301076,1909f56bfc062723c751e8b465ee728b) (PreviewImporter) -> (artifact id: '693be398c77ca0d04db6d57cd47a28c1') in 0.16325775 seconds
Number of updated asset objects reloaded before import = 0Number of asset objects unloaded after import = 1023

========================================================================
Received Import Request.
  Time since last request: 83.753037 seconds.
  path: Assets/Prefab/Dogplayer.prefab
  artifactKey: Guid(6f34ab5a16e964df18807c82bcc8b616) Importer(815301076,1909f56bfc062723c751e8b465ee728b)
Start importing Assets/Prefab/Dogplayer.prefab using Guid(6f34ab5a16e964df18807c82bcc8b616) Importer(815301076,1909f56bfc062723c751e8b465ee728b) (PreviewImporter) -> (artifact id: '15f25240abd795cb0ec40f8ea8206b6d') in 0.218323167 seconds
Number of updated asset objects reloaded before import = 0Number of asset objects unloaded after import = 1022

========================================================================
Received Import Request.
  Time since last request: 18.168809 seconds.
  path: Assets/Prefab/Dogplayer.prefab
  artifactKey: Guid(6f34ab5a16e964df18807c82bcc8b616) Importer(815301076,1909f56bfc062723c751e8b465ee728b)
Start importing Assets/Prefab/Dogplayer.prefab using Guid(6f34ab5a16e964df18807c82bcc8b616) Importer(815301076,1909f56bfc062723c751e8b465ee728b) (PreviewImporter) -> (artifact id: 'da4cf882582052985325978d2ef9669f') in 0.231859833 seconds
Number of updated asset objects reloaded before import = 0Number of asset objects unloaded after import = 1022

========================================================================
Received Import Request.
  Time since last request: 0.000084 seconds.
  path: Assets/Prefab/Dogplayer.prefab
  artifactKey: Guid(6f34ab5a16e964df18807c82bcc8b616) Importer(815301076,1909f56bfc062723c751e8b465ee728b)
Start importing Assets/Prefab/Dogplayer.prefab using Guid(6f34ab5a16e964df18807c82bcc8b616) Importer(815301076,1909f56bfc062723c751e8b465ee728b) (PreviewImporter) -> (artifact id: '35ea4e54a0b310c3bd653faf8dafd5b1') in 0.087138334 seconds
Number of updated asset objects reloaded before import = 0Number of asset objects unloaded after import = 1022

========================================================================
Received Import Request.
  Time since last request: 10.287202 seconds.
  path: Assets/Prefab/Dogplayer.prefab
  artifactKey: Guid(6f34ab5a16e964df18807c82bcc8b616) Importer(815301076,1909f56bfc062723c751e8b465ee728b)
Start importing Assets/Prefab/Dogplayer.prefab using Guid(6f34ab5a16e964df18807c82bcc8b616) Importer(815301076,1909f56bfc062723c751e8b465ee728b) (PreviewImporter) -> (artifact id: 'f27c26f769ec3939fc26963a96ea4d03') in 0.188724542 seconds
Number of updated asset objects reloaded before import = 0Number of asset objects unloaded after import = 1022

========================================================================
Received Import Request.
  Time since last request: 10.778971 seconds.
  path: Assets/Prefab/Dogplayer.prefab
  artifactKey: Guid(6f34ab5a16e964df18807c82bcc8b616) Importer(815301076,1909f56bfc062723c751e8b465ee728b)
Start importing Assets/Prefab/Dogplayer.prefab using Guid(6f34ab5a16e964df18807c82bcc8b616) Importer(815301076,1909f56bfc062723c751e8b465ee728b) (PreviewImporter) -> (artifact id: 'cacb627ccc8833cc423265768a82cb71') in 0.186033042 seconds
Number of updated asset objects reloaded before import = 0Number of asset objects unloaded after import = 1021

========================================================================
Received Import Request.
  Time since last request: 45.126650 seconds.
  path: Assets/Prefab/Dogplayer.prefab
  artifactKey: Guid(6f34ab5a16e964df18807c82bcc8b616) Importer(815301076,1909f56bfc062723c751e8b465ee728b)
Start importing Assets/Prefab/Dogplayer.prefab using Guid(6f34ab5a16e964df18807c82bcc8b616) Importer(815301076,1909f56bfc062723c751e8b465ee728b) (PreviewImporter) -> (artifact id: '22edada60ab82795a1f0af7c3f998f62') in 0.190347375 seconds
Number of updated asset objects reloaded before import = 0Number of asset objects unloaded after import = 1021

========================================================================
Received Import Request.
  Time since last request: 37.095326 seconds.
  path: Assets/Prefab/Person.prefab
  artifactKey: Guid(13d8532fbf88a4b9f87cd12b04c50e6c) Importer(815301076,1909f56bfc062723c751e8b465ee728b)
Start importing Assets/Prefab/Person.prefab using Guid(13d8532fbf88a4b9f87cd12b04c50e6c) Importer(815301076,1909f56bfc062723c751e8b465ee728b) (PreviewImporter) -> (artifact id: 'd6708fbc344fe422d66d456d77824f9e') in 0.418245625 seconds
Number of updated asset objects reloaded before import = 0Number of asset objects unloaded after import = 411

========================================================================
Received Import Request.
  Time since last request: 10.289896 seconds.
  path: Assets/Prefab/Person.prefab
  artifactKey: Guid(13d8532fbf88a4b9f87cd12b04c50e6c) Importer(815301076,1909f56bfc062723c751e8b465ee728b)
Start importing Assets/Prefab/Person.prefab using Guid(13d8532fbf88a4b9f87cd12b04c50e6c) Importer(815301076,1909f56bfc062723c751e8b465ee728b) (PreviewImporter) -> (artifact id: 'bed79fafa33a32f0905ca56e059a8ca5') in 0.418268083 seconds
Number of updated asset objects reloaded before import = 0Number of asset objects unloaded after import = 410

========================================================================
Received Import Request.
  Time since last request: 4.047198 seconds.
  path: Assets/Prefab/Person.prefab
  artifactKey: Guid(13d8532fbf88a4b9f87cd12b04c50e6c) Importer(815301076,1909f56bfc062723c751e8b465ee728b)
Start importing Assets/Prefab/Person.prefab using Guid(13d8532fbf88a4b9f87cd12b04c50e6c) Importer(815301076,1909f56bfc062723c751e8b465ee728b) (PreviewImporter) -> (artifact id: 'b6e77850bb35f82e5bb261b831ab8bbb') in 0.259501584 seconds
Number of updated asset objects reloaded before import = 0Number of asset objects unloaded after import = 409

========================================================================
Received Import Request.
  Time since last request: 3.391145 seconds.
  path: Assets/Prefab/Person.prefab
  artifactKey: Guid(13d8532fbf88a4b9f87cd12b04c50e6c) Importer(815301076,1909f56bfc062723c751e8b465ee728b)
Start importing Assets/Prefab/Person.prefab using Guid(13d8532fbf88a4b9f87cd12b04c50e6c) Importer(815301076,1909f56bfc062723c751e8b465ee728b) (PreviewImporter) -> (artifact id: 'fb9fbc74c5b6455b27616840634ed7ac') in 0.246570417 seconds
Number of updated asset objects reloaded before import = 0Number of asset objects unloaded after import = 408

========================================================================
Received Import Request.
  Time since last request: 5.283202 seconds.
  path: Assets/Prefab/Person.prefab
  artifactKey: Guid(13d8532fbf88a4b9f87cd12b04c50e6c) Importer(815301076,1909f56bfc062723c751e8b465ee728b)
Start importing Assets/Prefab/Person.prefab using Guid(13d8532fbf88a4b9f87cd12b04c50e6c) Importer(815301076,1909f56bfc062723c751e8b465ee728b) (PreviewImporter) -> (artifact id: '26c0f1e655195594c96d0d3b493f802a') in 0.286541042 seconds
Number of updated asset objects reloaded before import = 0Number of asset objects unloaded after import = 408

========================================================================
Received Import Request.
  Time since last request: 0.000131 seconds.
  path: Assets/Prefab/Person.prefab
  artifactKey: Guid(13d8532fbf88a4b9f87cd12b04c50e6c) Importer(815301076,1909f56bfc062723c751e8b465ee728b)
Start importing Assets/Prefab/Person.prefab using Guid(13d8532fbf88a4b9f87cd12b04c50e6c) Importer(815301076,1909f56bfc062723c751e8b465ee728b) (PreviewImporter) -> (artifact id: '531ad1d1e2826923052c895fd0a05ff4') in 0.219603542 seconds
Number of updated asset objects reloaded before import = 0Number of asset objects unloaded after import = 408

========================================================================
Received Import Request.
  Time since last request: 2.391789 seconds.
  path: Assets/Prefab/Person.prefab
  artifactKey: Guid(13d8532fbf88a4b9f87cd12b04c50e6c) Importer(815301076,1909f56bfc062723c751e8b465ee728b)
Start importing Assets/Prefab/Person.prefab using Guid(13d8532fbf88a4b9f87cd12b04c50e6c) Importer(815301076,1909f56bfc062723c751e8b465ee728b) (PreviewImporter) -> (artifact id: '70350b4c0cd60ef0567b1fd38e5de0b3') in 0.210675334 seconds
Number of updated asset objects reloaded before import = 0Number of asset objects unloaded after import = 408

========================================================================
Received Import Request.
  Time since last request: 4.999872 seconds.
  path: Assets/Prefab/Person.prefab
  artifactKey: Guid(13d8532fbf88a4b9f87cd12b04c50e6c) Importer(815301076,1909f56bfc062723c751e8b465ee728b)
Start importing Assets/Prefab/Person.prefab using Guid(13d8532fbf88a4b9f87cd12b04c50e6c) Importer(815301076,1909f56bfc062723c751e8b465ee728b) (PreviewImporter) -> (artifact id: '3ceade89fbe5e9c723e09e7a9f9020a3') in 0.308102125 seconds
Number of updated asset objects reloaded before import = 0Number of asset objects unloaded after import = 407

========================================================================
Received Import Request.
  Time since last request: 4.823444 seconds.
  path: Assets/Prefab/Person.prefab
  artifactKey: Guid(13d8532fbf88a4b9f87cd12b04c50e6c) Importer(815301076,1909f56bfc062723c751e8b465ee728b)
Start importing Assets/Prefab/Person.prefab using Guid(13d8532fbf88a4b9f87cd12b04c50e6c) Importer(815301076,1909f56bfc062723c751e8b465ee728b) (PreviewImporter) -> (artifact id: '247ac55396edfac1ecf4ec44c7189886') in 0.285590083 seconds
Number of updated asset objects reloaded before import = 0Number of asset objects unloaded after import = 406

========================================================================
Received Import Request.
  Time since last request: 15.999797 seconds.
  path: Assets/Prefab/Person.prefab
  artifactKey: Guid(13d8532fbf88a4b9f87cd12b04c50e6c) Importer(815301076,1909f56bfc062723c751e8b465ee728b)
Start importing Assets/Prefab/Person.prefab using Guid(13d8532fbf88a4b9f87cd12b04c50e6c) Importer(815301076,1909f56bfc062723c751e8b465ee728b) (PreviewImporter) -> (artifact id: 'f85b289d567fd1c619a7caddd583941e') in 0.420390625 seconds
Number of updated asset objects reloaded before import = 0Number of asset objects unloaded after import = 406

========================================================================
Received Import Request.
  Time since last request: 9.322535 seconds.
  path: Assets/Prefab/Person.prefab
  artifactKey: Guid(13d8532fbf88a4b9f87cd12b04c50e6c) Importer(815301076,1909f56bfc062723c751e8b465ee728b)
Start importing Assets/Prefab/Person.prefab using Guid(13d8532fbf88a4b9f87cd12b04c50e6c) Importer(815301076,1909f56bfc062723c751e8b465ee728b) (PreviewImporter) -> (artifact id: 'f795c99031fe76b606d71b5f9cfa9f3e') in 0.321857458 seconds
Number of updated asset objects reloaded before import = 0Number of asset objects unloaded after import = 406

========================================================================
Received Import Request.
  Time since last request: 6.700171 seconds.
  path: Assets/Prefab/Person.prefab
  artifactKey: Guid(13d8532fbf88a4b9f87cd12b04c50e6c) Importer(815301076,1909f56bfc062723c751e8b465ee728b)
Start importing Assets/Prefab/Person.prefab using Guid(13d8532fbf88a4b9f87cd12b04c50e6c) Importer(815301076,1909f56bfc062723c751e8b465ee728b) (PreviewImporter) -> (artifact id: '2df9cf258d75a5809f6569bb61749fba') in 0.3554185 seconds
Number of updated asset objects reloaded before import = 0Number of asset objects unloaded after import = 406

========================================================================
Received Import Request.
  Time since last request: 3.721159 seconds.
  path: Assets/Prefab/Person.prefab
  artifactKey: Guid(13d8532fbf88a4b9f87cd12b04c50e6c) Importer(815301076,1909f56bfc062723c751e8b465ee728b)
Start importing Assets/Prefab/Person.prefab using Guid(13d8532fbf88a4b9f87cd12b04c50e6c) Importer(815301076,1909f56bfc062723c751e8b465ee728b) (PreviewImporter) -> (artifact id: 'b236574412d4820cbdb656fb1ad180bf') in 0.354823 seconds
Number of updated asset objects reloaded before import = 0Number of asset objects unloaded after import = 406

========================================================================
Received Import Request.
  Time since last request: 3.391305 seconds.
  path: Assets/Prefab/Person.prefab
  artifactKey: Guid(13d8532fbf88a4b9f87cd12b04c50e6c) Importer(815301076,1909f56bfc062723c751e8b465ee728b)
Start importing Assets/Prefab/Person.prefab using Guid(13d8532fbf88a4b9f87cd12b04c50e6c) Importer(815301076,1909f56bfc062723c751e8b465ee728b) (PreviewImporter) -> (artifact id: '055f1123692d7c17bb24fcc1c0a952c0') in 0.333461458 seconds
Number of updated asset objects reloaded before import = 0Number of asset objects unloaded after import = 406

========================================================================
Received Import Request.
  Time since last request: 2.737597 seconds.
  path: Assets/Prefab/Person.prefab
  artifactKey: Guid(13d8532fbf88a4b9f87cd12b04c50e6c) Importer(815301076,1909f56bfc062723c751e8b465ee728b)
Start importing Assets/Prefab/Person.prefab using Guid(13d8532fbf88a4b9f87cd12b04c50e6c) Importer(815301076,1909f56bfc062723c751e8b465ee728b) (PreviewImporter) -> (artifact id: '53f4ece9543ba2fbb5ad194950058325') in 0.301525708 seconds
Number of updated asset objects reloaded before import = 0Number of asset objects unloaded after import = 406

========================================================================
Received Prepare
Assembly reference Packages/com.unity.cinemachine/Editor/Samples/ExposeHDRPInternals/HDRP-Editor-ref.asmref has no target assembly definition
Assembly reference Packages/com.unity.cinemachine/Editor/Samples/ExposeHDRPInternals/HDRP-Editor-ref.asmref has no target assembly definition
Begin MonoManager ReloadAssembly
[Licensing::Client] Successfully resolved entitlement details
Thread 0x170147000 may have been prematurely finalized
Symbol file LoadedFromMemory is not a mono symbol file
- Loaded All Assemblies, in  2.508 seconds
Assembly reference Packages/com.unity.cinemachine/Editor/Samples/ExposeHDRPInternals/HDRP-Editor-ref.asmref has no target assembly definition
'Packages/com.unity.cinemachine/Editor/Obsolete/CinemachineVirtualCameraBaseEditor.cs' contains partial class of Unity.Object, exactly 1 of the partial classes needs to be in a file with the same filename. This is to know the one that can be referenced from ie. GameObjects
'Packages/com.unity.cinemachine/Editor/Editors/CinemachineVirtualCameraBaseEditor.cs' contains partial class of Unity.Object, exactly 1 of the partial classes needs to be in a file with the same filename. This is to know the one that can be referenced from ie. GameObjects
Refreshing native plugins compatible for Editor in 3.27 ms, found 2 plugins.
Native extension for OSXStandalone target not found
Assembly reference Packages/com.unity.cinemachine/Editor/Samples/ExposeHDRPInternals/HDRP-Editor-ref.asmref has no target assembly definition
[Package Manager] Failed to launch server process. Reason: Unity was launched with the -noUpm command-line argument
[Package Manager] Unable to send message (not connected to server process).
[Package Manager] Cannot connect to Unity Package Manager local server
[Package Manager] Failed to launch server process. Reason: Unity was launched with the -noUpm command-line argument
[Package Manager] Unable to send message (not connected to server process).
[Package Manager] Cannot connect to Unity Package Manager local server
[Package Manager] Failed to launch server process. Reason: Unity was launched with the -noUpm command-line argument
[Package Manager] Unable to send message (not connected to server process).
[Package Manager] Cannot connect to Unity Package Manager local server
Refreshing native plugins compatible for Editor in 2.39 ms, found 2 plugins.
Mono: successfully reloaded assembly
- Finished resetting the current domain, in  0.941 seconds
Domain Reload Profiling: 3458ms
	BeginReloadAssembly (1538ms)
		ExecutionOrderSort (1ms)
		DisableScriptedObjects (252ms)
		BackupInstance (0ms)
		ReleaseScriptingObjects (6ms)
		CreateAndSetChildDomain (627ms)
	RebuildCommonClasses (32ms)
	RebuildNativeTypeToScriptingClass (10ms)
	initialDomainReloadingComplete (54ms)
	LoadAllAssembliesAndSetupDomain (881ms)
		LoadAssemblies (590ms)
		RebuildTransferFunctionScriptingTraits (0ms)
		AnalyzeDomain (445ms)
			TypeCache.Refresh (71ms)
				TypeCache.ScanAssembly (0ms)
			BuildScriptInfoCaches (358ms)
			ResolveRequiredComponents (9ms)
	FinalizeReload (942ms)
		ReleaseScriptCaches (0ms)
		RebuildScriptCaches (0ms)
		SetupLoadedEditorAssemblies (750ms)
			LogAssemblyErrors (0ms)
			InitializePlatformSupportModulesInManaged (2ms)
			SetLoadedEditorAssemblies (5ms)
			BeforeProcessingInitializeOnLoad (170ms)
			ProcessInitializeOnLoadAttributes (323ms)
			ProcessInitializeOnLoadMethodAttributes (246ms)
			AfterProcessingInitializeOnLoad (2ms)
			EditorAssembliesLoaded (2ms)
		ExecutionOrderSort2 (0ms)
		AwakeInstancesAfterBackupRestoration (13ms)
WARNING: Shader Unsupported: 'Universal Render Pipeline/VR/SpatialMapping/Wireframe' - All subshaders removed
WARNING: Shader Did you use #pragma only_renderers and omit this platform?
WARNING: Shader If subshaders removal was intentional, you may have forgotten turning Fallback off?
WARNING: Shader Unsupported: 'Universal Render Pipeline/VR/SpatialMapping/Wireframe' - All subshaders removed
WARNING: Shader Did you use #pragma only_renderers and omit this platform?
WARNING: Shader If subshaders removal was intentional, you may have forgotten turning Fallback off?
Refreshing native plugins compatible for Editor in 0.95 ms, found 2 plugins.
Preloading 0 native plugins for Editor in 0.00 ms.
Unloading 28 Unused Serialized files (Serialized files now loaded: 0)
Unloading 9452 unused Assets / (6.5 MB). Loaded Objects now: 10256.
Memory consumption went from 221.1 MB to 214.6 MB.
Total: 27.786083 ms (FindLiveObjects: 1.519833 ms CreateObjectMapping: 0.401708 ms MarkObjects: 22.508583 ms  DeleteObjects: 3.354917 ms)

Prepare: number of updated asset objects reloaded= 0
